..................                                                       [100%]
18 passed, 11 warnings in 3.65s
